{
  "nickName": "Zdzis≈Çaw",
  "contactDetails" : {
    "address": "Szczebrzeszyn",
    "phoneNumber": "111",
    "twitterHandle": "jimmy"
  },
  "status": "CURRENT"
}